// Jest Snapshot v1, https://goo.gl/fbAQLP

exports[`Render Component It should render ItemList Component 1`] = `
<div>
  <props => {
  /* istanbul ignore next */
  cov_1n8pcmooa0.f[1]++;
  const {
    article,
    store: {
      lookupAuthor
    }
  } =
  /* istanbul ignore next */
  (cov_1n8pcmooa0.s[4]++, props);
  const author =
  /* istanbul ignore next */
  (cov_1n8pcmooa0.s[5]++, lookupAuthor(article.authorId));
  const {
    lastName,
    firstName,
    website
  } =
  /* istanbul ignore next */
  (cov_1n8pcmooa0.s[6]++, author);

  /* istanbul ignore next */
  cov_1n8pcmooa0.s[7]++;
  return (
    /* istanbul ignore next */
    _react.default.createElement(
    /* istanbul ignore next */
    "div",
    /* istanbul ignore next */
    {
      style: styles.article
    },
    /* istanbul ignore next */
    _react.default.createElement(
    /* istanbul ignore next */
    "div",
    /* istanbul ignore next */
    {
      style: styles.title
    }, article.title),
    /* istanbul ignore next */
    _react.default.createElement(
    /* istanbul ignore next */
    "div",
    /* istanbul ignore next */
    {
      style: styles.date
    }, dateDisplay(article.date)),
    /* istanbul ignore next */
    _react.default.createElement(
    /* istanbul ignore next */
    "div",
    /* istanbul ignore next */
    {
      style: styles.author
    },
    /* istanbul ignore next */
    _react.default.createElement(
    /* istanbul ignore next */
    "a",
    /* istanbul ignore next */
    {
      href: website
    }, \`\${firstName} \${lastName}\`)),
    /* istanbul ignore next */
    _react.default.createElement(
    /* istanbul ignore next */
    "div",
    /* istanbul ignore next */
    {
      style: styles.body
    }, article.body))
  );
}Container
    article={
      Object {
        "body": "body",
        "date": "",
        "id": 1,
        "title": "title",
      }
    }
    key="1"
  />
</div>
`;
